// Jest Snapshot v1, https://goo.gl/fbAQLP

exports[`About should match snapshot 1`] = `
.c0 {
  margin: 0 0 0.8125rem 0;
  padding: 0 0.8125rem;
}

.c1 {
  padding: 0.8125rem 0 0.8125rem 0.8125rem;
  margin-left: 0.8125rem;
  border-left: 1px solid;
}

.c2 {
  list-style: none;
  padding: 0;
  margin: 0.40625rem 0 0.40625rem 0.40625rem;
}

.c3::before {
  content: '👩‍💻';
  padding-right: 0.4875rem;
}

.c4::before {
  content: '🏔';
  padding-right: 0.4875rem;
}

@media only screen and (max-width:600px) {
  .c0 {
    padding: 0;
  }
}

<section
  class="c0"
>
  <h2>
    Laney Smith
  </h2>
  <div
    class="c1"
  >
    <ul
      class="c2"
    >
      <li
        class="c3"
      >
        Web developer
      </li>
      <li
        class="c4"
      >
        Based in Colorado
      </li>
    </ul>
  </div>
</section>
`;
