// Jest Snapshot v1, https://goo.gl/fbAQLP

exports[`About should match snapshot 1`] = `
.c0 {
  margin: 0 0 0.8125rem 0;
  padding: 0 0.8125rem;
}

.c1 {
  padding: 0.8125rem 0 0.8125rem 0.8125rem;
  margin-left: 0.8125rem;
  border-left: 1px solid;
}

.c2 {
  margin: 0.5em 0 0.5em 0.5em;
  display: grid;
  grid-template-columns: 24px 1fr;
  grid-column-gap: 4px;
  grid-row-gap: 4px;
  grid-auto-flow: row;
}

.c2 > [role='img'] {
  font-size: 1.2em;
}

@media only screen and (max-width:600px) {
  .c0 {
    padding: 0;
  }
}

<section
  class="c0"
  id="about-section"
>
  <h3>
    Laney Smith
  </h3>
  <main
    class="c1"
  >
    <div
      class="c2"
      role="list"
    >
      <div
        role="img"
      >
        👩‍💻
      </div>
      <div
        role="listitem"
      >
        Web developer
      </div>
      <div
        role="img"
      >
        🏔
      </div>
      <div
        role="listitem"
      >
        Based in Colorado
      </div>
    </div>
  </main>
</section>
`;
